Component: ARM Compiler 5.06 update 2 (build 183) Tool: armlink [4d35b7]

==============================================================================

Section Cross References

    main.o(i.main) refers to rcc.o(i.RCC_AHBPeriphClockCmd) for RCC_AHBPeriphClockCmd
    main.o(i.main) refers to rcc.o(i.RCC_APB1PeriphClockCmd) for RCC_APB1PeriphClockCmd
    main.o(i.main) refers to gpio.o(i.GPIO_Set_Direction) for GPIO_Set_Direction
    main.o(i.main) refers to timer.o(i.TIM_Cmd) for TIM_Cmd
    main.o(i.main) refers to main.o(i.NVIC_EnableIRQ) for NVIC_EnableIRQ
    exti0_1_irqhandler.o(i.EXTI0_1_IRQHandler) refers to tim2_irqhandler.o(.data) for led_f
    tim2_irqhandler.o(i.TIM2_IRQHandler) refers to timer.o(i.TIM_SetCounter) for TIM_SetCounter
    tim2_irqhandler.o(i.TIM2_IRQHandler) refers to aeabi_sdiv.o(.text) for __aeabi_idivmod
    tim2_irqhandler.o(i.TIM2_IRQHandler) refers to fflti.o(.text) for __aeabi_i2f
    tim2_irqhandler.o(i.TIM2_IRQHandler) refers to fmul.o(x$fpl$fmul) for __aeabi_fmul
    tim2_irqhandler.o(i.TIM2_IRQHandler) refers to ffixi.o(.text) for __aeabi_f2iz
    tim2_irqhandler.o(i.TIM2_IRQHandler) refers to faddsub.o(x$fpl$fsub) for __aeabi_fsub
    tim2_irqhandler.o(i.TIM2_IRQHandler) refers to gpio.o(i.GPIO_WriteBit) for GPIO_WriteBit
    tim2_irqhandler.o(i.TIM2_IRQHandler) refers to tim2_irqhandler.o(.data) for led_f
    startup_stm32f051x8.o(STACK) refers (Special) to heapauxi.o(.text) for __use_two_region_memory
    startup_stm32f051x8.o(HEAP) refers (Special) to heapauxi.o(.text) for __use_two_region_memory
    startup_stm32f051x8.o(RESET) refers (Special) to heapauxi.o(.text) for __use_two_region_memory
    startup_stm32f051x8.o(RESET) refers to startup_stm32f051x8.o(STACK) for __initial_sp
    startup_stm32f051x8.o(RESET) refers to startup_stm32f051x8.o(.text) for Reset_Handler
    startup_stm32f051x8.o(RESET) refers to exti0_1_irqhandler.o(i.EXTI0_1_IRQHandler) for EXTI0_1_IRQHandler
    startup_stm32f051x8.o(RESET) refers to tim2_irqhandler.o(i.TIM2_IRQHandler) for TIM2_IRQHandler
    startup_stm32f051x8.o(.text) refers (Special) to heapauxi.o(.text) for __use_two_region_memory
    startup_stm32f051x8.o(.text) refers to system_stm32f0xx.o(i.SystemInit) for SystemInit
    startup_stm32f051x8.o(.text) refers to __main.o(!!!main) for __main
    startup_stm32f051x8.o(.text) refers to startup_stm32f051x8.o(HEAP) for Heap_Mem
    startup_stm32f051x8.o(.text) refers to startup_stm32f051x8.o(STACK) for Stack_Mem
    system_stm32f0xx.o(i.SystemCoreClockUpdate) refers to aeabi_sdiv.o(.text) for __aeabi_uidivmod
    system_stm32f0xx.o(i.SystemCoreClockUpdate) refers to system_stm32f0xx.o(.data) for SystemCoreClock
    system_stm32f0xx.o(i.SystemCoreClockUpdate) refers to system_stm32f0xx.o(.constdata) for AHBPrescTable
    __main.o(!!!main) refers to __rtentry.o(.ARM.Collect$$rtentry$$00000000) for __rt_entry
    faddsub.o(x$fpl$fadd) refers (Special) to usenofp.o(x$fpl$usenofp) for __I$use$fp
    faddsub.o(x$fpl$fadd) refers to faddsub.o(x$fpl$fsub) for _fsub1
    faddsub.o(x$fpl$frsb) refers (Special) to usenofp.o(x$fpl$usenofp) for __I$use$fp
    faddsub.o(x$fpl$frsb) refers to faddsub.o(x$fpl$fsub) for _fsub1
    faddsub.o(x$fpl$frsb) refers to faddsub.o(x$fpl$fadd) for _fadd1
    faddsub.o(x$fpl$fsub) refers (Special) to usenofp.o(x$fpl$usenofp) for __I$use$fp
    faddsub.o(x$fpl$fsub) refers to faddsub.o(x$fpl$fadd) for _fadd1
    ffixi.o(.text) refers (Special) to usenofp.o(x$fpl$usenofp) for __I$use$fp
    fflti.o(.text) refers (Special) to usenofp.o(x$fpl$usenofp) for __I$use$fp
    fmul.o(x$fpl$fmul) refers (Special) to usenofp.o(x$fpl$usenofp) for __I$use$fp
    __rtentry.o(.ARM.Collect$$rtentry$$00000000) refers (Special) to __rtentry2.o(.ARM.Collect$$rtentry$$0000000A) for __rt_entry_li
    __rtentry.o(.ARM.Collect$$rtentry$$00000000) refers (Special) to __rtentry2.o(.ARM.Collect$$rtentry$$0000000D) for __rt_entry_main
    __rtentry.o(.ARM.Collect$$rtentry$$00000000) refers (Special) to __rtentry2.o(.ARM.Collect$$rtentry$$0000000C) for __rt_entry_postli_1
    __rtentry.o(.ARM.Collect$$rtentry$$00000000) refers (Special) to __rtentry2.o(.ARM.Collect$$rtentry$$00000009) for __rt_entry_postsh_1
    __rtentry.o(.ARM.Collect$$rtentry$$00000000) refers (Special) to __rtentry2.o(.ARM.Collect$$rtentry$$00000002) for __rt_entry_presh_1
    __rtentry.o(.ARM.Collect$$rtentry$$00000000) refers (Special) to __rtentry4.o(.ARM.Collect$$rtentry$$00000004) for __rt_entry_sh
    aeabi_idiv0_sigfpe.o(.text) refers to rt_div0.o(.text) for __rt_div0
    __rtentry2.o(.ARM.Collect$$rtentry$$00000008) refers to boardinit2.o(.text) for _platform_post_stackheap_init
    __rtentry2.o(.ARM.Collect$$rtentry$$0000000A) refers to libinit.o(.ARM.Collect$$libinit$$00000000) for __rt_lib_init
    __rtentry2.o(.ARM.Collect$$rtentry$$0000000B) refers to boardinit3.o(.text) for _platform_post_lib_init
    __rtentry2.o(.ARM.Collect$$rtentry$$0000000D) refers to main.o(i.main) for main
    __rtentry2.o(.ARM.Collect$$rtentry$$0000000D) refers to exit.o(.text) for exit
    __rtentry2.o(.ARM.exidx) refers to __rtentry2.o(.ARM.Collect$$rtentry$$00000001) for .ARM.Collect$$rtentry$$00000001
    __rtentry2.o(.ARM.exidx) refers to __rtentry2.o(.ARM.Collect$$rtentry$$00000008) for .ARM.Collect$$rtentry$$00000008
    __rtentry2.o(.ARM.exidx) refers to __rtentry2.o(.ARM.Collect$$rtentry$$0000000A) for .ARM.Collect$$rtentry$$0000000A
    __rtentry2.o(.ARM.exidx) refers to __rtentry2.o(.ARM.Collect$$rtentry$$0000000B) for .ARM.Collect$$rtentry$$0000000B
    __rtentry2.o(.ARM.exidx) refers to __rtentry2.o(.ARM.Collect$$rtentry$$0000000D) for .ARM.Collect$$rtentry$$0000000D
    __rtentry4.o(.ARM.Collect$$rtentry$$00000004) refers to sys_stackheap_outer.o(.text) for __user_setup_stackheap
    __rtentry4.o(.ARM.exidx) refers to __rtentry4.o(.ARM.Collect$$rtentry$$00000004) for .ARM.Collect$$rtentry$$00000004
    rt_div0.o(.text) refers to defsig_fpe_outer.o(.text) for __rt_SIGFPE
    sys_stackheap_outer.o(.text) refers to libspace.o(.text) for __user_perproc_libspace
    sys_stackheap_outer.o(.text) refers to startup_stm32f051x8.o(.text) for __user_initial_stackheap
    sys_stackheap_outer.o(__vectab_stack_and_reset_area) refers to tempstk.o(.text) for __temporary_stack_top
    sys_stackheap_outer.o(__vectab_stack_and_reset_area) refers to __main.o(!!!main) for __main
    exit.o(.text) refers to rtexit.o(.ARM.Collect$$rtexit$$00000000) for __rt_exit
    defsig_fpe_outer.o(.text) refers to defsig_fpe_inner.o(.text) for __rt_SIGFPE_inner
    defsig_fpe_outer.o(.text) refers to defsig_exit.o(.text) for __sig_exit
    defsig_fpe_formal.o(.text) refers to rt_raise.o(.text) for __rt_raise
    libinit.o(.ARM.Collect$$libinit$$00000000) refers (Special) to libinit2.o(.ARM.Collect$$libinit$$0000002E) for __rt_lib_init_alloca_1
    libinit.o(.ARM.Collect$$libinit$$00000000) refers (Special) to libinit2.o(.ARM.Collect$$libinit$$0000002C) for __rt_lib_init_argv_1
    libinit.o(.ARM.Collect$$libinit$$00000000) refers (Special) to libinit2.o(.ARM.Collect$$libinit$$0000001B) for __rt_lib_init_atexit_1
    libinit.o(.ARM.Collect$$libinit$$00000000) refers (Special) to libinit2.o(.ARM.Collect$$libinit$$00000021) for __rt_lib_init_clock_1
    libinit.o(.ARM.Collect$$libinit$$00000000) refers (Special) to libinit2.o(.ARM.Collect$$libinit$$00000032) for __rt_lib_init_cpp_1
    libinit.o(.ARM.Collect$$libinit$$00000000) refers (Special) to libinit2.o(.ARM.Collect$$libinit$$00000030) for __rt_lib_init_exceptions_1
    libinit.o(.ARM.Collect$$libinit$$00000000) refers (Special) to libinit2.o(.ARM.Collect$$libinit$$00000002) for __rt_lib_init_fp_1
    libinit.o(.ARM.Collect$$libinit$$00000000) refers (Special) to libinit2.o(.ARM.Collect$$libinit$$0000001F) for __rt_lib_init_fp_trap_1
    libinit.o(.ARM.Collect$$libinit$$00000000) refers (Special) to libinit2.o(.ARM.Collect$$libinit$$00000023) for __rt_lib_init_getenv_1
    libinit.o(.ARM.Collect$$libinit$$00000000) refers (Special) to libinit2.o(.ARM.Collect$$libinit$$0000000A) for __rt_lib_init_heap_1
    libinit.o(.ARM.Collect$$libinit$$00000000) refers (Special) to libinit2.o(.ARM.Collect$$libinit$$00000011) for __rt_lib_init_lc_collate_1
    libinit.o(.ARM.Collect$$libinit$$00000000) refers (Special) to libinit2.o(.ARM.Collect$$libinit$$00000013) for __rt_lib_init_lc_ctype_1
    libinit.o(.ARM.Collect$$libinit$$00000000) refers (Special) to libinit2.o(.ARM.Collect$$libinit$$00000015) for __rt_lib_init_lc_monetary_1
    libinit.o(.ARM.Collect$$libinit$$00000000) refers (Special) to libinit2.o(.ARM.Collect$$libinit$$00000017) for __rt_lib_init_lc_numeric_1
    libinit.o(.ARM.Collect$$libinit$$00000000) refers (Special) to libinit2.o(.ARM.Collect$$libinit$$00000019) for __rt_lib_init_lc_time_1
    libinit.o(.ARM.Collect$$libinit$$00000000) refers (Special) to libinit2.o(.ARM.Collect$$libinit$$00000004) for __rt_lib_init_preinit_1
    libinit.o(.ARM.Collect$$libinit$$00000000) refers (Special) to libinit2.o(.ARM.Collect$$libinit$$0000000E) for __rt_lib_init_rand_1
    libinit.o(.ARM.Collect$$libinit$$00000000) refers (Special) to libinit2.o(.ARM.Collect$$libinit$$00000033) for __rt_lib_init_return
    libinit.o(.ARM.Collect$$libinit$$00000000) refers (Special) to libinit2.o(.ARM.Collect$$libinit$$0000001D) for __rt_lib_init_signal_1
    libinit.o(.ARM.Collect$$libinit$$00000000) refers (Special) to libinit2.o(.ARM.Collect$$libinit$$00000025) for __rt_lib_init_stdio_1
    libinit.o(.ARM.Collect$$libinit$$00000000) refers (Special) to libinit2.o(.ARM.Collect$$libinit$$0000000C) for __rt_lib_init_user_alloc_1
    libspace.o(.text) refers to libspace.o(.bss) for __libspace_start
    rtexit.o(.ARM.Collect$$rtexit$$00000000) refers (Special) to rtexit2.o(.ARM.Collect$$rtexit$$00000004) for __rt_exit_exit
    rtexit.o(.ARM.Collect$$rtexit$$00000000) refers (Special) to rtexit2.o(.ARM.Collect$$rtexit$$00000003) for __rt_exit_ls
    rtexit.o(.ARM.Collect$$rtexit$$00000000) refers (Special) to rtexit2.o(.ARM.Collect$$rtexit$$00000002) for __rt_exit_prels_1
    rtexit.o(.ARM.exidx) refers (Special) to rtexit2.o(.ARM.Collect$$rtexit$$00000004) for __rt_exit_exit
    rtexit.o(.ARM.exidx) refers (Special) to rtexit2.o(.ARM.Collect$$rtexit$$00000003) for __rt_exit_ls
    rtexit.o(.ARM.exidx) refers (Special) to rtexit2.o(.ARM.Collect$$rtexit$$00000002) for __rt_exit_prels_1
    rtexit.o(.ARM.exidx) refers to rtexit.o(.ARM.Collect$$rtexit$$00000000) for .ARM.Collect$$rtexit$$00000000
    rt_raise.o(.text) refers to __raise.o(.text) for __raise
    rt_raise.o(.text) refers to sys_exit.o(.text) for _sys_exit
    defsig_exit.o(.text) refers to sys_exit.o(.text) for _sys_exit
    defsig_fpe_inner.o(.text) refers to defsig_general.o(.text) for __default_signal_display
    libinit2.o(.ARM.Collect$$libinit$$00000010) refers to libinit2.o(.ARM.Collect$$libinit$$0000000F) for .ARM.Collect$$libinit$$0000000F
    libinit2.o(.ARM.Collect$$libinit$$00000012) refers to libinit2.o(.ARM.Collect$$libinit$$0000000F) for .ARM.Collect$$libinit$$0000000F
    libinit2.o(.ARM.Collect$$libinit$$00000014) refers to libinit2.o(.ARM.Collect$$libinit$$0000000F) for .ARM.Collect$$libinit$$0000000F
    libinit2.o(.ARM.Collect$$libinit$$00000016) refers to libinit2.o(.ARM.Collect$$libinit$$0000000F) for .ARM.Collect$$libinit$$0000000F
    libinit2.o(.ARM.Collect$$libinit$$00000018) refers to libinit2.o(.ARM.Collect$$libinit$$0000000F) for .ARM.Collect$$libinit$$0000000F
    libinit2.o(.ARM.Collect$$libinit$$00000026) refers to argv_veneer.o(.text) for __ARM_argv_veneer
    libinit2.o(.ARM.Collect$$libinit$$00000027) refers to argv_veneer.o(.text) for __ARM_argv_veneer
    sys_exit.o(.text) refers (Special) to use_no_semi.o(.text) for __I$use$semihosting
    sys_exit.o(.text) refers (Special) to indicate_semi.o(.text) for __semihosting_library_function
    rtexit2.o(.ARM.Collect$$rtexit$$00000003) refers to libshutdown.o(.ARM.Collect$$libshutdown$$00000000) for __rt_lib_shutdown
    rtexit2.o(.ARM.Collect$$rtexit$$00000004) refers to sys_exit.o(.text) for _sys_exit
    rtexit2.o(.ARM.exidx) refers to rtexit2.o(.ARM.Collect$$rtexit$$00000001) for .ARM.Collect$$rtexit$$00000001
    rtexit2.o(.ARM.exidx) refers to rtexit2.o(.ARM.Collect$$rtexit$$00000003) for .ARM.Collect$$rtexit$$00000003
    rtexit2.o(.ARM.exidx) refers to rtexit2.o(.ARM.Collect$$rtexit$$00000004) for .ARM.Collect$$rtexit$$00000004
    __raise.o(.text) refers to defsig.o(CL$$defsig) for __default_signal_handler
    defsig_general.o(.text) refers to sys_wrch.o(.text) for _ttywrch
    sys_wrch.o(.text) refers (Special) to use_no_semi.o(.text) for __I$use$semihosting
    sys_wrch.o(.text) refers (Special) to indicate_semi.o(.text) for __semihosting_library_function
    defsig.o(CL$$defsig) refers to defsig_fpe_inner.o(.text) for __rt_SIGFPE_inner
    defsig.o(CL$$defsig) refers to defsig_rtmem_inner.o(.text) for __rt_SIGRTMEM_inner
    _get_argv_nomalloc.o(.text) refers (Special) to hrguard.o(.text) for __heap_region$guard
    _get_argv_nomalloc.o(.text) refers to defsig_rtmem_outer.o(.text) for __rt_SIGRTMEM
    _get_argv_nomalloc.o(.text) refers to sys_command.o(.text) for _sys_command_string
    libshutdown.o(.ARM.Collect$$libshutdown$$00000000) refers (Special) to libshutdown2.o(.ARM.Collect$$libshutdown$$00000002) for __rt_lib_shutdown_cpp_1
    libshutdown.o(.ARM.Collect$$libshutdown$$00000000) refers (Special) to libshutdown2.o(.ARM.Collect$$libshutdown$$00000007) for __rt_lib_shutdown_fp_trap_1
    libshutdown.o(.ARM.Collect$$libshutdown$$00000000) refers (Special) to libshutdown2.o(.ARM.Collect$$libshutdown$$0000000F) for __rt_lib_shutdown_heap_1
    libshutdown.o(.ARM.Collect$$libshutdown$$00000000) refers (Special) to libshutdown2.o(.ARM.Collect$$libshutdown$$00000010) for __rt_lib_shutdown_return
    libshutdown.o(.ARM.Collect$$libshutdown$$00000000) refers (Special) to libshutdown2.o(.ARM.Collect$$libshutdown$$0000000A) for __rt_lib_shutdown_signal_1
    libshutdown.o(.ARM.Collect$$libshutdown$$00000000) refers (Special) to libshutdown2.o(.ARM.Collect$$libshutdown$$00000004) for __rt_lib_shutdown_stdio_1
    libshutdown.o(.ARM.Collect$$libshutdown$$00000000) refers (Special) to libshutdown2.o(.ARM.Collect$$libshutdown$$0000000C) for __rt_lib_shutdown_user_alloc_1
    sys_command.o(.text) refers (Special) to use_no_semi.o(.text) for __I$use$semihosting
    sys_command.o(.text) refers (Special) to indicate_semi.o(.text) for __semihosting_library_function
    defsig_abrt_inner.o(.text) refers to defsig_general.o(.text) for __default_signal_display
    defsig_rtred_inner.o(.text) refers to defsig_general.o(.text) for __default_signal_display
    defsig_rtmem_inner.o(.text) refers to defsig_general.o(.text) for __default_signal_display
    defsig_rtmem_outer.o(.text) refers to defsig_rtmem_inner.o(.text) for __rt_SIGRTMEM_inner
    defsig_rtmem_outer.o(.text) refers to defsig_exit.o(.text) for __sig_exit
    defsig_rtmem_formal.o(.text) refers to rt_raise.o(.text) for __rt_raise
    defsig_stak_inner.o(.text) refers to defsig_general.o(.text) for __default_signal_display
    defsig_pvfn_inner.o(.text) refers to defsig_general.o(.text) for __default_signal_display
    defsig_cppl_inner.o(.text) refers to defsig_general.o(.text) for __default_signal_display
    defsig_segv_inner.o(.text) refers to defsig_general.o(.text) for __default_signal_display
    defsig_other.o(.text) refers to defsig_general.o(.text) for __default_signal_display


==============================================================================

Removing Unused input sections from the image.

    Removing main.o(.rev16_text), (4 bytes).
    Removing main.o(.revsh_text), (4 bytes).
    Removing gpio.o(.rev16_text), (4 bytes).
    Removing gpio.o(.revsh_text), (4 bytes).
    Removing gpio.o(i.GPIO_ReadInputDataBit), (22 bytes).
    Removing rcc.o(.rev16_text), (4 bytes).
    Removing rcc.o(.revsh_text), (4 bytes).
    Removing timer.o(.rev16_text), (4 bytes).
    Removing timer.o(.revsh_text), (4 bytes).
    Removing timer.o(i.TIM_GetCounter), (6 bytes).
    Removing exti0_1_irqhandler.o(.rev16_text), (4 bytes).
    Removing exti0_1_irqhandler.o(.revsh_text), (4 bytes).
    Removing tim2_irqhandler.o(.rev16_text), (4 bytes).
    Removing tim2_irqhandler.o(.revsh_text), (4 bytes).
    Removing system_stm32f0xx.o(.rev16_text), (4 bytes).
    Removing system_stm32f0xx.o(.revsh_text), (4 bytes).
    Removing system_stm32f0xx.o(i.SystemCoreClockUpdate), (176 bytes).
    Removing system_stm32f0xx.o(.constdata), (16 bytes).
    Removing system_stm32f0xx.o(.data), (4 bytes).

19 unused section(s) (total 280 bytes) removed from the image.

==============================================================================

Image Symbol Table

    Local Symbols

    Symbol Name                              Value     Ov Type        Size  Object(Section)

    ../clib/angel/boardlib.s                 0x00000000   Number         0  boardinit1.o ABSOLUTE
    ../clib/angel/boardlib.s                 0x00000000   Number         0  boardinit2.o ABSOLUTE
    ../clib/angel/boardlib.s                 0x00000000   Number         0  boardinit3.o ABSOLUTE
    ../clib/angel/boardlib.s                 0x00000000   Number         0  boardshut.o ABSOLUTE
    ../clib/angel/handlers.s                 0x00000000   Number         0  __scatter_zi.o ABSOLUTE
    ../clib/angel/handlers.s                 0x00000000   Number         0  __scatter_copy.o ABSOLUTE
    ../clib/angel/kernel.s                   0x00000000   Number         0  __rtentry4.o ABSOLUTE
    ../clib/angel/kernel.s                   0x00000000   Number         0  rtexit.o ABSOLUTE
    ../clib/angel/kernel.s                   0x00000000   Number         0  __rtentry2.o ABSOLUTE
    ../clib/angel/kernel.s                   0x00000000   Number         0  __rtentry.o ABSOLUTE
    ../clib/angel/kernel.s                   0x00000000   Number         0  rtexit2.o ABSOLUTE
    ../clib/angel/rt.s                       0x00000000   Number         0  rt_div0.o ABSOLUTE
    ../clib/angel/rt.s                       0x00000000   Number         0  rt_raise.o ABSOLUTE
    ../clib/angel/rt.s                       0x00000000   Number         0  aeabi_idiv0_sigfpe.o ABSOLUTE
    ../clib/angel/rt.s                       0x00000000   Number         0  aeabi_idiv0.o ABSOLUTE
    ../clib/angel/scatterp.s                 0x00000000   Number         0  __scatter.o ABSOLUTE
    ../clib/angel/startup.s                  0x00000000   Number         0  __main.o ABSOLUTE
    ../clib/angel/sys.s                      0x00000000   Number         0  sys_stackheap_outer.o ABSOLUTE
    ../clib/angel/sys.s                      0x00000000   Number         0  tempstk.o ABSOLUTE
    ../clib/angel/sys.s                      0x00000000   Number         0  libspace.o ABSOLUTE
    ../clib/angel/sys.s                      0x00000000   Number         0  use_no_semi.o ABSOLUTE
    ../clib/angel/sys.s                      0x00000000   Number         0  indicate_semi.o ABSOLUTE
    ../clib/angel/sysapp.c                   0x00000000   Number         0  sys_command.o ABSOLUTE
    ../clib/angel/sysapp.c                   0x00000000   Number         0  sys_wrch.o ABSOLUTE
    ../clib/angel/sysapp.c                   0x00000000   Number         0  sys_exit.o ABSOLUTE
    ../clib/armsys.c                         0x00000000   Number         0  no_argv.o ABSOLUTE
    ../clib/armsys.c                         0x00000000   Number         0  _get_argv_nomalloc.o ABSOLUTE
    ../clib/armsys.c                         0x00000000   Number         0  argv_veneer.o ABSOLUTE
    ../clib/division.s                       0x00000000   Number         0  aeabi_sdiv_div0.o ABSOLUTE
    ../clib/division.s                       0x00000000   Number         0  aeabi_sdiv.o ABSOLUTE
    ../clib/heapalloc.c                      0x00000000   Number         0  hrguard.o ABSOLUTE
    ../clib/heapaux.c                        0x00000000   Number         0  heapauxi.o ABSOLUTE
    ../clib/libinit.s                        0x00000000   Number         0  libshutdown.o ABSOLUTE
    ../clib/libinit.s                        0x00000000   Number         0  libinit.o ABSOLUTE
    ../clib/libinit.s                        0x00000000   Number         0  libinit2.o ABSOLUTE
    ../clib/libinit.s                        0x00000000   Number         0  libshutdown2.o ABSOLUTE
    ../clib/signal.c                         0x00000000   Number         0  defsig_fpe_outer.o ABSOLUTE
    ../clib/signal.c                         0x00000000   Number         0  defsig_abrt_inner.o ABSOLUTE
    ../clib/signal.c                         0x00000000   Number         0  defsig_fpe_inner.o ABSOLUTE
    ../clib/signal.c                         0x00000000   Number         0  defsig_fpe_formal.o ABSOLUTE
    ../clib/signal.c                         0x00000000   Number         0  defsig_exit.o ABSOLUTE
    ../clib/signal.c                         0x00000000   Number         0  defsig_cppl_inner.o ABSOLUTE
    ../clib/signal.c                         0x00000000   Number         0  defsig_rtmem_formal.o ABSOLUTE
    ../clib/signal.c                         0x00000000   Number         0  defsig_rtmem_outer.o ABSOLUTE
    ../clib/signal.c                         0x00000000   Number         0  defsig_segv_inner.o ABSOLUTE
    ../clib/signal.c                         0x00000000   Number         0  defsig_stak_inner.o ABSOLUTE
    ../clib/signal.c                         0x00000000   Number         0  defsig_other.o ABSOLUTE
    ../clib/signal.c                         0x00000000   Number         0  defsig_general.o ABSOLUTE
    ../clib/signal.c                         0x00000000   Number         0  defsig_rtred_inner.o ABSOLUTE
    ../clib/signal.c                         0x00000000   Number         0  __raise.o ABSOLUTE
    ../clib/signal.c                         0x00000000   Number         0  defsig_rtmem_inner.o ABSOLUTE
    ../clib/signal.c                         0x00000000   Number         0  defsig_pvfn_inner.o ABSOLUTE
    ../clib/signal.s                         0x00000000   Number         0  defsig.o ABSOLUTE
    ../clib/stdlib.c                         0x00000000   Number         0  exit.o ABSOLUTE
    ../fplib/cfplib/ffix.c                   0x00000000   Number         0  ffixi.o ABSOLUTE
    ../fplib/cfplib/fflt.c                   0x00000000   Number         0  fflti.o ABSOLUTE
    ../fplib/cfplib/fpinit.c                 0x00000000   Number         0  fpinit.o ABSOLUTE
    ../fplib/faddsub6m.s                     0x00000000   Number         0  faddsub.o ABSOLUTE
    ../fplib/fmul6m.s                        0x00000000   Number         0  fmul.o ABSOLUTE
    ../fplib/usenofp.s                       0x00000000   Number         0  usenofp.o ABSOLUTE
    RTE\Device\STM32F051R8\startup_stm32f051x8.s 0x00000000   Number         0  startup_stm32f051x8.o ABSOLUTE
    RTE\Device\STM32F051R8\system_stm32f0xx.c 0x00000000   Number         0  system_stm32f0xx.o ABSOLUTE
    RTE\\Device\\STM32F051R8\\system_stm32f0xx.c 0x00000000   Number         0  system_stm32f0xx.o ABSOLUTE
    dc.s                                     0x00000000   Number         0  dc.o ABSOLUTE
    exti0_1_irqhandler.c                     0x00000000   Number         0  exti0_1_irqhandler.o ABSOLUTE
    exti0_1_irqhandler.c                     0x00000000   Number         0  exti0_1_irqhandler.o ABSOLUTE
    gpio.c                                   0x00000000   Number         0  gpio.o ABSOLUTE
    gpio.c                                   0x00000000   Number         0  gpio.o ABSOLUTE
    main.c                                   0x00000000   Number         0  main.o ABSOLUTE
    main.c                                   0x00000000   Number         0  main.o ABSOLUTE
    rcc.c                                    0x00000000   Number         0  rcc.o ABSOLUTE
    rcc.c                                    0x00000000   Number         0  rcc.o ABSOLUTE
    tim2_irqhandler.c                        0x00000000   Number         0  tim2_irqhandler.o ABSOLUTE
    tim2_irqhandler.c                        0x00000000   Number         0  tim2_irqhandler.o ABSOLUTE
    timer.c                                  0x00000000   Number         0  timer.o ABSOLUTE
    timer.c                                  0x00000000   Number         0  timer.o ABSOLUTE
    RESET                                    0x08000000   Section      188  startup_stm32f051x8.o(RESET)
    !!!main                                  0x080000bc   Section        8  __main.o(!!!main)
    !!!scatter                               0x080000c4   Section       60  __scatter.o(!!!scatter)
    !!handler_copy                           0x08000100   Section       26  __scatter_copy.o(!!handler_copy)
    !!handler_zi                             0x0800011c   Section       28  __scatter_zi.o(!!handler_zi)
    .ARM.Collect$$libinit$$00000000          0x08000138   Section        2  libinit.o(.ARM.Collect$$libinit$$00000000)
    .ARM.Collect$$libinit$$00000002          0x0800013a   Section        0  libinit2.o(.ARM.Collect$$libinit$$00000002)
    .ARM.Collect$$libinit$$00000004          0x0800013a   Section        0  libinit2.o(.ARM.Collect$$libinit$$00000004)
    .ARM.Collect$$libinit$$0000000A          0x0800013a   Section        0  libinit2.o(.ARM.Collect$$libinit$$0000000A)
    .ARM.Collect$$libinit$$0000000C          0x0800013a   Section        0  libinit2.o(.ARM.Collect$$libinit$$0000000C)
    .ARM.Collect$$libinit$$0000000E          0x0800013a   Section        0  libinit2.o(.ARM.Collect$$libinit$$0000000E)
    .ARM.Collect$$libinit$$00000011          0x0800013a   Section        0  libinit2.o(.ARM.Collect$$libinit$$00000011)
    .ARM.Collect$$libinit$$00000013          0x0800013a   Section        0  libinit2.o(.ARM.Collect$$libinit$$00000013)
    .ARM.Collect$$libinit$$00000015          0x0800013a   Section        0  libinit2.o(.ARM.Collect$$libinit$$00000015)
    .ARM.Collect$$libinit$$00000017          0x0800013a   Section        0  libinit2.o(.ARM.Collect$$libinit$$00000017)
    .ARM.Collect$$libinit$$00000019          0x0800013a   Section        0  libinit2.o(.ARM.Collect$$libinit$$00000019)
    .ARM.Collect$$libinit$$0000001B          0x0800013a   Section        0  libinit2.o(.ARM.Collect$$libinit$$0000001B)
    .ARM.Collect$$libinit$$0000001D          0x0800013a   Section        0  libinit2.o(.ARM.Collect$$libinit$$0000001D)
    .ARM.Collect$$libinit$$0000001F          0x0800013a   Section        0  libinit2.o(.ARM.Collect$$libinit$$0000001F)
    .ARM.Collect$$libinit$$00000021          0x0800013a   Section        0  libinit2.o(.ARM.Collect$$libinit$$00000021)
    .ARM.Collect$$libinit$$00000023          0x0800013a   Section        0  libinit2.o(.ARM.Collect$$libinit$$00000023)
    .ARM.Collect$$libinit$$00000025          0x0800013a   Section        0  libinit2.o(.ARM.Collect$$libinit$$00000025)
    .ARM.Collect$$libinit$$0000002C          0x0800013a   Section        0  libinit2.o(.ARM.Collect$$libinit$$0000002C)
    .ARM.Collect$$libinit$$0000002E          0x0800013a   Section        0  libinit2.o(.ARM.Collect$$libinit$$0000002E)
    .ARM.Collect$$libinit$$00000030          0x0800013a   Section        0  libinit2.o(.ARM.Collect$$libinit$$00000030)
    .ARM.Collect$$libinit$$00000032          0x0800013a   Section        0  libinit2.o(.ARM.Collect$$libinit$$00000032)
    .ARM.Collect$$libinit$$00000033          0x0800013a   Section        2  libinit2.o(.ARM.Collect$$libinit$$00000033)
    .ARM.Collect$$libshutdown$$00000000      0x0800013c   Section        2  libshutdown.o(.ARM.Collect$$libshutdown$$00000000)
    .ARM.Collect$$libshutdown$$00000002      0x0800013e   Section        0  libshutdown2.o(.ARM.Collect$$libshutdown$$00000002)
    .ARM.Collect$$libshutdown$$00000004      0x0800013e   Section        0  libshutdown2.o(.ARM.Collect$$libshutdown$$00000004)
    .ARM.Collect$$libshutdown$$00000007      0x0800013e   Section        0  libshutdown2.o(.ARM.Collect$$libshutdown$$00000007)
    .ARM.Collect$$libshutdown$$0000000A      0x0800013e   Section        0  libshutdown2.o(.ARM.Collect$$libshutdown$$0000000A)
    .ARM.Collect$$libshutdown$$0000000C      0x0800013e   Section        0  libshutdown2.o(.ARM.Collect$$libshutdown$$0000000C)
    .ARM.Collect$$libshutdown$$0000000F      0x0800013e   Section        0  libshutdown2.o(.ARM.Collect$$libshutdown$$0000000F)
    .ARM.Collect$$libshutdown$$00000010      0x0800013e   Section        2  libshutdown2.o(.ARM.Collect$$libshutdown$$00000010)
    .ARM.Collect$$rtentry$$00000000          0x08000140   Section        0  __rtentry.o(.ARM.Collect$$rtentry$$00000000)
    .ARM.Collect$$rtentry$$00000002          0x08000140   Section        0  __rtentry2.o(.ARM.Collect$$rtentry$$00000002)
    .ARM.Collect$$rtentry$$00000004          0x08000140   Section        6  __rtentry4.o(.ARM.Collect$$rtentry$$00000004)
    .ARM.Collect$$rtentry$$00000009          0x08000146   Section        0  __rtentry2.o(.ARM.Collect$$rtentry$$00000009)
    .ARM.Collect$$rtentry$$0000000A          0x08000146   Section        4  __rtentry2.o(.ARM.Collect$$rtentry$$0000000A)
    .ARM.Collect$$rtentry$$0000000C          0x0800014a   Section        0  __rtentry2.o(.ARM.Collect$$rtentry$$0000000C)
    .ARM.Collect$$rtentry$$0000000D          0x0800014a   Section        8  __rtentry2.o(.ARM.Collect$$rtentry$$0000000D)
    .ARM.Collect$$rtexit$$00000000           0x08000152   Section        2  rtexit.o(.ARM.Collect$$rtexit$$00000000)
    .ARM.Collect$$rtexit$$00000002           0x08000154   Section        0  rtexit2.o(.ARM.Collect$$rtexit$$00000002)
    .ARM.Collect$$rtexit$$00000003           0x08000154   Section        4  rtexit2.o(.ARM.Collect$$rtexit$$00000003)
    .ARM.Collect$$rtexit$$00000004           0x08000158   Section        6  rtexit2.o(.ARM.Collect$$rtexit$$00000004)
    .text                                    0x08000160   Section       56  startup_stm32f051x8.o(.text)
    .text                                    0x08000198   Section      346  aeabi_sdiv.o(.text)
    .text                                    0x080002f2   Section        0  heapauxi.o(.text)
    .text                                    0x080002f8   Section        0  ffixi.o(.text)
    .text                                    0x08000344   Section        0  fflti.o(.text)
    .text                                    0x080003a2   Section       62  sys_stackheap_outer.o(.text)
    .text                                    0x080003e0   Section        0  exit.o(.text)
    .text                                    0x080003f0   Section        8  libspace.o(.text)
    .text                                    0x080003f8   Section        0  sys_exit.o(.text)
    .text                                    0x08000404   Section        2  use_no_semi.o(.text)
    .text                                    0x08000406   Section        0  indicate_semi.o(.text)
    i.EXTI0_1_IRQHandler                     0x08000408   Section        0  exti0_1_irqhandler.o(i.EXTI0_1_IRQHandler)
    i.GPIO_Set_Direction                     0x0800043c   Section        0  gpio.o(i.GPIO_Set_Direction)
    i.GPIO_WriteBit                          0x08000478   Section        0  gpio.o(i.GPIO_WriteBit)
    i.NVIC_EnableIRQ                         0x08000494   Section        0  main.o(i.NVIC_EnableIRQ)
    NVIC_EnableIRQ                           0x08000495   Thumb Code    14  main.o(i.NVIC_EnableIRQ)
    i.RCC_AHBPeriphClockCmd                  0x080004a8   Section        0  rcc.o(i.RCC_AHBPeriphClockCmd)
    i.RCC_APB1PeriphClockCmd                 0x080004c8   Section        0  rcc.o(i.RCC_APB1PeriphClockCmd)
    i.SystemInit                             0x080004e8   Section        0  system_stm32f0xx.o(i.SystemInit)
    i.TIM2_IRQHandler                        0x0800055c   Section        0  tim2_irqhandler.o(i.TIM2_IRQHandler)
    i.TIM_Cmd                                0x08000604   Section        0  timer.o(i.TIM_Cmd)
    i.TIM_SetCounter                         0x0800061c   Section        0  timer.o(i.TIM_SetCounter)
    i.main                                   0x08000620   Section        0  main.o(i.main)
    x$fpl$fadd                               0x08000694   Section      140  faddsub.o(x$fpl$fadd)
    _fadd1                                   0x080006a1   Thumb Code     0  faddsub.o(x$fpl$fadd)
    x$fpl$fmul                               0x08000720   Section      176  fmul.o(x$fpl$fmul)
    x$fpl$fsub                               0x080007d0   Section      208  faddsub.o(x$fpl$fsub)
    _fsub1                                   0x080007dd   Thumb Code     0  faddsub.o(x$fpl$fsub)
    x$fpl$usenofp                            0x080008a0   Section        0  usenofp.o(x$fpl$usenofp)
    .data                                    0x20000000   Section        9  tim2_irqhandler.o(.data)
    .bss                                     0x2000000c   Section       96  libspace.o(.bss)
    HEAP                                     0x20000070   Section      512  startup_stm32f051x8.o(HEAP)
    Heap_Mem                                 0x20000070   Data         512  startup_stm32f051x8.o(HEAP)
    STACK                                    0x20000270   Section     1024  startup_stm32f051x8.o(STACK)
    Stack_Mem                                0x20000270   Data        1024  startup_stm32f051x8.o(STACK)
    __initial_sp                             0x20000670   Data           0  startup_stm32f051x8.o(STACK)

    Global Symbols

    Symbol Name                              Value     Ov Type        Size  Object(Section)

    BuildAttributes$$THM_ISAv3M$S$PE$A:L22$X:L11$S22$IEEE1$IW$USESV6$~STKCKD$USESV7$~SHL$OSPACE$ROPI$EBA8$UX$STANDARDLIB$REQ8$PRES8$EABIv2 0x00000000   Number         0  anon$$obj.o ABSOLUTE
    __ARM_use_no_argv                        0x00000000   Number         0  main.o ABSOLUTE
    __ARM_exceptions_init                     - Undefined Weak Reference
    __alloca_initialize                       - Undefined Weak Reference
    __arm_preinit_                            - Undefined Weak Reference
    __cpp_initialize__aeabi_                  - Undefined Weak Reference
    __cxa_finalize                            - Undefined Weak Reference
    __rt_locale                               - Undefined Weak Reference
    __sigvec_lookup                           - Undefined Weak Reference
    _atexit_init                              - Undefined Weak Reference
    _call_atexit_fns                          - Undefined Weak Reference
    _clock_init                               - Undefined Weak Reference
    _fp_trap_init                             - Undefined Weak Reference
    _fp_trap_shutdown                         - Undefined Weak Reference
    _get_lc_collate                           - Undefined Weak Reference
    _get_lc_ctype                             - Undefined Weak Reference
    _get_lc_monetary                          - Undefined Weak Reference
    _get_lc_numeric                           - Undefined Weak Reference
    _get_lc_time                              - Undefined Weak Reference
    _getenv_init                              - Undefined Weak Reference
    _handle_redirection                       - Undefined Weak Reference
    _init_alloc                               - Undefined Weak Reference
    _init_user_alloc                          - Undefined Weak Reference
    _initio                                   - Undefined Weak Reference
    _rand_init                                - Undefined Weak Reference
    _signal_finish                            - Undefined Weak Reference
    _signal_init                              - Undefined Weak Reference
    _terminate_alloc                          - Undefined Weak Reference
    _terminate_user_alloc                     - Undefined Weak Reference
    _terminateio                              - Undefined Weak Reference
    __Vectors_Size                           0x000000bc   Number         0  startup_stm32f051x8.o ABSOLUTE
    __Vectors                                0x08000000   Data           4  startup_stm32f051x8.o(RESET)
    __Vectors_End                            0x080000bc   Data           0  startup_stm32f051x8.o(RESET)
    __main                                   0x080000bd   Thumb Code     8  __main.o(!!!main)
    __scatterload                            0x080000c5   Thumb Code     0  __scatter.o(!!!scatter)
    __scatterload_rt2                        0x080000c5   Thumb Code    52  __scatter.o(!!!scatter)
    __scatterload_rt2_thumb_only             0x080000c5   Thumb Code     0  __scatter.o(!!!scatter)
    __scatterload_null                       0x080000d5   Thumb Code     0  __scatter.o(!!!scatter)
    __scatterload_copy                       0x08000101   Thumb Code    26  __scatter_copy.o(!!handler_copy)
    __scatterload_zeroinit                   0x0800011d   Thumb Code    28  __scatter_zi.o(!!handler_zi)
    __rt_lib_init                            0x08000139   Thumb Code     0  libinit.o(.ARM.Collect$$libinit$$00000000)
    __rt_lib_init_alloca_1                   0x0800013b   Thumb Code     0  libinit2.o(.ARM.Collect$$libinit$$0000002E)
    __rt_lib_init_argv_1                     0x0800013b   Thumb Code     0  libinit2.o(.ARM.Collect$$libinit$$0000002C)
    __rt_lib_init_atexit_1                   0x0800013b   Thumb Code     0  libinit2.o(.ARM.Collect$$libinit$$0000001B)
    __rt_lib_init_clock_1                    0x0800013b   Thumb Code     0  libinit2.o(.ARM.Collect$$libinit$$00000021)
    __rt_lib_init_cpp_1                      0x0800013b   Thumb Code     0  libinit2.o(.ARM.Collect$$libinit$$00000032)
    __rt_lib_init_exceptions_1               0x0800013b   Thumb Code     0  libinit2.o(.ARM.Collect$$libinit$$00000030)
    __rt_lib_init_fp_1                       0x0800013b   Thumb Code     0  libinit2.o(.ARM.Collect$$libinit$$00000002)
    __rt_lib_init_fp_trap_1                  0x0800013b   Thumb Code     0  libinit2.o(.ARM.Collect$$libinit$$0000001F)
    __rt_lib_init_getenv_1                   0x0800013b   Thumb Code     0  libinit2.o(.ARM.Collect$$libinit$$00000023)
    __rt_lib_init_heap_1                     0x0800013b   Thumb Code     0  libinit2.o(.ARM.Collect$$libinit$$0000000A)
    __rt_lib_init_lc_collate_1               0x0800013b   Thumb Code     0  libinit2.o(.ARM.Collect$$libinit$$00000011)
    __rt_lib_init_lc_ctype_1                 0x0800013b   Thumb Code     0  libinit2.o(.ARM.Collect$$libinit$$00000013)
    __rt_lib_init_lc_monetary_1              0x0800013b   Thumb Code     0  libinit2.o(.ARM.Collect$$libinit$$00000015)
    __rt_lib_init_lc_numeric_1               0x0800013b   Thumb Code     0  libinit2.o(.ARM.Collect$$libinit$$00000017)
    __rt_lib_init_lc_time_1                  0x0800013b   Thumb Code     0  libinit2.o(.ARM.Collect$$libinit$$00000019)
    __rt_lib_init_preinit_1                  0x0800013b   Thumb Code     0  libinit2.o(.ARM.Collect$$libinit$$00000004)
    __rt_lib_init_rand_1                     0x0800013b   Thumb Code     0  libinit2.o(.ARM.Collect$$libinit$$0000000E)
    __rt_lib_init_return                     0x0800013b   Thumb Code     0  libinit2.o(.ARM.Collect$$libinit$$00000033)
    __rt_lib_init_signal_1                   0x0800013b   Thumb Code     0  libinit2.o(.ARM.Collect$$libinit$$0000001D)
    __rt_lib_init_stdio_1                    0x0800013b   Thumb Code     0  libinit2.o(.ARM.Collect$$libinit$$00000025)
    __rt_lib_init_user_alloc_1               0x0800013b   Thumb Code     0  libinit2.o(.ARM.Collect$$libinit$$0000000C)
    __rt_lib_shutdown                        0x0800013d   Thumb Code     0  libshutdown.o(.ARM.Collect$$libshutdown$$00000000)
    __rt_lib_shutdown_cpp_1                  0x0800013f   Thumb Code     0  libshutdown2.o(.ARM.Collect$$libshutdown$$00000002)
    __rt_lib_shutdown_fp_trap_1              0x0800013f   Thumb Code     0  libshutdown2.o(.ARM.Collect$$libshutdown$$00000007)
    __rt_lib_shutdown_heap_1                 0x0800013f   Thumb Code     0  libshutdown2.o(.ARM.Collect$$libshutdown$$0000000F)
    __rt_lib_shutdown_return                 0x0800013f   Thumb Code     0  libshutdown2.o(.ARM.Collect$$libshutdown$$00000010)
    __rt_lib_shutdown_signal_1               0x0800013f   Thumb Code     0  libshutdown2.o(.ARM.Collect$$libshutdown$$0000000A)
    __rt_lib_shutdown_stdio_1                0x0800013f   Thumb Code     0  libshutdown2.o(.ARM.Collect$$libshutdown$$00000004)
    __rt_lib_shutdown_user_alloc_1           0x0800013f   Thumb Code     0  libshutdown2.o(.ARM.Collect$$libshutdown$$0000000C)
    __rt_entry                               0x08000141   Thumb Code     0  __rtentry.o(.ARM.Collect$$rtentry$$00000000)
    __rt_entry_presh_1                       0x08000141   Thumb Code     0  __rtentry2.o(.ARM.Collect$$rtentry$$00000002)
    __rt_entry_sh                            0x08000141   Thumb Code     0  __rtentry4.o(.ARM.Collect$$rtentry$$00000004)
    __rt_entry_li                            0x08000147   Thumb Code     0  __rtentry2.o(.ARM.Collect$$rtentry$$0000000A)
    __rt_entry_postsh_1                      0x08000147   Thumb Code     0  __rtentry2.o(.ARM.Collect$$rtentry$$00000009)
    __rt_entry_main                          0x0800014b   Thumb Code     0  __rtentry2.o(.ARM.Collect$$rtentry$$0000000D)
    __rt_entry_postli_1                      0x0800014b   Thumb Code     0  __rtentry2.o(.ARM.Collect$$rtentry$$0000000C)
    __rt_exit                                0x08000153   Thumb Code     0  rtexit.o(.ARM.Collect$$rtexit$$00000000)
    __rt_exit_ls                             0x08000155   Thumb Code     0  rtexit2.o(.ARM.Collect$$rtexit$$00000003)
    __rt_exit_prels_1                        0x08000155   Thumb Code     0  rtexit2.o(.ARM.Collect$$rtexit$$00000002)
    __rt_exit_exit                           0x08000159   Thumb Code     0  rtexit2.o(.ARM.Collect$$rtexit$$00000004)
    Reset_Handler                            0x08000161   Thumb Code     8  startup_stm32f051x8.o(.text)
    NMI_Handler                              0x08000169   Thumb Code     2  startup_stm32f051x8.o(.text)
    HardFault_Handler                        0x0800016b   Thumb Code     2  startup_stm32f051x8.o(.text)
    SVC_Handler                              0x0800016d   Thumb Code     2  startup_stm32f051x8.o(.text)
    PendSV_Handler                           0x0800016f   Thumb Code     2  startup_stm32f051x8.o(.text)
    SysTick_Handler                          0x08000171   Thumb Code     2  startup_stm32f051x8.o(.text)
    ADC1_COMP_IRQHandler                     0x08000173   Thumb Code     0  startup_stm32f051x8.o(.text)
    CEC_IRQHandler                           0x08000173   Thumb Code     0  startup_stm32f051x8.o(.text)
    DMA1_Channel1_IRQHandler                 0x08000173   Thumb Code     0  startup_stm32f051x8.o(.text)
    DMA1_Channel2_3_IRQHandler               0x08000173   Thumb Code     0  startup_stm32f051x8.o(.text)
    DMA1_Channel4_5_IRQHandler               0x08000173   Thumb Code     0  startup_stm32f051x8.o(.text)
    EXTI2_3_IRQHandler                       0x08000173   Thumb Code     0  startup_stm32f051x8.o(.text)
    EXTI4_15_IRQHandler                      0x08000173   Thumb Code     0  startup_stm32f051x8.o(.text)
    FLASH_IRQHandler                         0x08000173   Thumb Code     0  startup_stm32f051x8.o(.text)
    I2C1_IRQHandler                          0x08000173   Thumb Code     0  startup_stm32f051x8.o(.text)
    I2C2_IRQHandler                          0x08000173   Thumb Code     0  startup_stm32f051x8.o(.text)
    PVD_IRQHandler                           0x08000173   Thumb Code     0  startup_stm32f051x8.o(.text)
    RCC_IRQHandler                           0x08000173   Thumb Code     0  startup_stm32f051x8.o(.text)
    RTC_IRQHandler                           0x08000173   Thumb Code     0  startup_stm32f051x8.o(.text)
    SPI1_IRQHandler                          0x08000173   Thumb Code     0  startup_stm32f051x8.o(.text)
    SPI2_IRQHandler                          0x08000173   Thumb Code     0  startup_stm32f051x8.o(.text)
    TIM14_IRQHandler                         0x08000173   Thumb Code     0  startup_stm32f051x8.o(.text)
    TIM15_IRQHandler                         0x08000173   Thumb Code     0  startup_stm32f051x8.o(.text)
    TIM16_IRQHandler                         0x08000173   Thumb Code     0  startup_stm32f051x8.o(.text)
    TIM17_IRQHandler                         0x08000173   Thumb Code     0  startup_stm32f051x8.o(.text)
    TIM1_BRK_UP_TRG_COM_IRQHandler           0x08000173   Thumb Code     0  startup_stm32f051x8.o(.text)
    TIM1_CC_IRQHandler                       0x08000173   Thumb Code     0  startup_stm32f051x8.o(.text)
    TIM3_IRQHandler                          0x08000173   Thumb Code     0  startup_stm32f051x8.o(.text)
    TIM6_DAC_IRQHandler                      0x08000173   Thumb Code     0  startup_stm32f051x8.o(.text)
    TSC_IRQHandler                           0x08000173   Thumb Code     0  startup_stm32f051x8.o(.text)
    USART1_IRQHandler                        0x08000173   Thumb Code     0  startup_stm32f051x8.o(.text)
    USART2_IRQHandler                        0x08000173   Thumb Code     0  startup_stm32f051x8.o(.text)
    WWDG_IRQHandler                          0x08000173   Thumb Code     0  startup_stm32f051x8.o(.text)
    __user_initial_stackheap                 0x08000175   Thumb Code     0  startup_stm32f051x8.o(.text)
    __aeabi_uidiv                            0x08000199   Thumb Code     0  aeabi_sdiv.o(.text)
    __aeabi_uidivmod                         0x08000199   Thumb Code    20  aeabi_sdiv.o(.text)
    __aeabi_idiv                             0x080001ad   Thumb Code     0  aeabi_sdiv.o(.text)
    __aeabi_idivmod                          0x080001ad   Thumb Code   326  aeabi_sdiv.o(.text)
    __use_two_region_memory                  0x080002f3   Thumb Code     2  heapauxi.o(.text)
    __rt_heap_escrow$2region                 0x080002f5   Thumb Code     2  heapauxi.o(.text)
    __rt_heap_expand$2region                 0x080002f7   Thumb Code     2  heapauxi.o(.text)
    __aeabi_f2iz                             0x080002f9   Thumb Code     0  ffixi.o(.text)
    _ffix                                    0x080002f9   Thumb Code    76  ffixi.o(.text)
    __aeabi_i2f_normalise                    0x08000345   Thumb Code    72  fflti.o(.text)
    __aeabi_i2f                              0x0800038d   Thumb Code    16  fflti.o(.text)
    _fflt                                    0x0800038d   Thumb Code     0  fflti.o(.text)
    __aeabi_ui2f                             0x0800039d   Thumb Code     6  fflti.o(.text)
    _ffltu                                   0x0800039d   Thumb Code     0  fflti.o(.text)
    __user_setup_stackheap                   0x080003a3   Thumb Code    62  sys_stackheap_outer.o(.text)
    exit                                     0x080003e1   Thumb Code    16  exit.o(.text)
    __user_libspace                          0x080003f1   Thumb Code     8  libspace.o(.text)
    __user_perproc_libspace                  0x080003f1   Thumb Code     0  libspace.o(.text)
    __user_perthread_libspace                0x080003f1   Thumb Code     0  libspace.o(.text)
    _sys_exit                                0x080003f9   Thumb Code     8  sys_exit.o(.text)
    __I$use$semihosting                      0x08000405   Thumb Code     0  use_no_semi.o(.text)
    __use_no_semihosting_swi                 0x08000405   Thumb Code     2  use_no_semi.o(.text)
    __semihosting_library_function           0x08000407   Thumb Code     0  indicate_semi.o(.text)
    EXTI0_1_IRQHandler                       0x08000409   Thumb Code    42  exti0_1_irqhandler.o(i.EXTI0_1_IRQHandler)
    GPIO_Set_Direction                       0x0800043d   Thumb Code    60  gpio.o(i.GPIO_Set_Direction)
    GPIO_WriteBit                            0x08000479   Thumb Code    26  gpio.o(i.GPIO_WriteBit)
    RCC_AHBPeriphClockCmd                    0x080004a9   Thumb Code    28  rcc.o(i.RCC_AHBPeriphClockCmd)
    RCC_APB1PeriphClockCmd                   0x080004c9   Thumb Code    28  rcc.o(i.RCC_APB1PeriphClockCmd)
    SystemInit                               0x080004e9   Thumb Code   104  system_stm32f0xx.o(i.SystemInit)
    TIM2_IRQHandler                          0x0800055d   Thumb Code   146  tim2_irqhandler.o(i.TIM2_IRQHandler)
    TIM_Cmd                                  0x08000605   Thumb Code    24  timer.o(i.TIM_Cmd)
    TIM_SetCounter                           0x0800061d   Thumb Code     4  timer.o(i.TIM_SetCounter)
    main                                     0x08000621   Thumb Code   106  main.o(i.main)
    __aeabi_fadd                             0x08000695   Thumb Code     0  faddsub.o(x$fpl$fadd)
    _fadd                                    0x08000695   Thumb Code   134  faddsub.o(x$fpl$fadd)
    __aeabi_fmul                             0x08000721   Thumb Code     0  fmul.o(x$fpl$fmul)
    _fmul                                    0x08000721   Thumb Code   172  fmul.o(x$fpl$fmul)
    __aeabi_fsub                             0x080007d1   Thumb Code     0  faddsub.o(x$fpl$fsub)
    _fsub                                    0x080007d1   Thumb Code   204  faddsub.o(x$fpl$fsub)
    Region$$Table$$Base                      0x080008a0   Number         0  anon$$obj.o(Region$$Table)
    __I$use$fp                               0x080008a0   Number         0  usenofp.o(x$fpl$usenofp)
    Region$$Table$$Limit                     0x080008c0   Number         0  anon$$obj.o(Region$$Table)
    led_f                                    0x20000000   Data           4  tim2_irqhandler.o(.data)
    duty                                     0x20000004   Data           4  tim2_irqhandler.o(.data)
    pin_state                                0x20000008   Data           1  tim2_irqhandler.o(.data)
    __libspace_start                         0x2000000c   Data          96  libspace.o(.bss)
    __temporary_stack_top$libspace           0x2000006c   Data           0  libspace.o(.bss)



==============================================================================

Memory Map of the image

  Image Entry point : 0x08000161

  Load Region LR_1 (Base: 0x08000000, Size: 0x000008cc, Max: 0xffffffff, ABSOLUTE)

    Execution Region ER_RO (Base: 0x08000000, Size: 0x000008c0, Max: 0xffffffff, ABSOLUTE)

    Base Addr    Size         Type   Attr      Idx    E Section Name        Object

    0x08000000   0x000000bc   Data   RO          202    RESET               startup_stm32f051x8.o
    0x080000bc   0x00000008   Code   RO          248  * !!!main             c_p.l(__main.o)
    0x080000c4   0x0000003c   Code   RO          430    !!!scatter          c_p.l(__scatter.o)
    0x08000100   0x0000001a   Code   RO          432    !!handler_copy      c_p.l(__scatter_copy.o)
    0x0800011a   0x00000002   PAD
    0x0800011c   0x0000001c   Code   RO          434    !!handler_zi        c_p.l(__scatter_zi.o)
    0x08000138   0x00000002   Code   RO          299    .ARM.Collect$$libinit$$00000000  c_p.l(libinit.o)
    0x0800013a   0x00000000   Code   RO          313    .ARM.Collect$$libinit$$00000002  c_p.l(libinit2.o)
    0x0800013a   0x00000000   Code   RO          315    .ARM.Collect$$libinit$$00000004  c_p.l(libinit2.o)
    0x0800013a   0x00000000   Code   RO          318    .ARM.Collect$$libinit$$0000000A  c_p.l(libinit2.o)
    0x0800013a   0x00000000   Code   RO          320    .ARM.Collect$$libinit$$0000000C  c_p.l(libinit2.o)
    0x0800013a   0x00000000   Code   RO          322    .ARM.Collect$$libinit$$0000000E  c_p.l(libinit2.o)
    0x0800013a   0x00000000   Code   RO          325    .ARM.Collect$$libinit$$00000011  c_p.l(libinit2.o)
    0x0800013a   0x00000000   Code   RO          327    .ARM.Collect$$libinit$$00000013  c_p.l(libinit2.o)
    0x0800013a   0x00000000   Code   RO          329    .ARM.Collect$$libinit$$00000015  c_p.l(libinit2.o)
    0x0800013a   0x00000000   Code   RO          331    .ARM.Collect$$libinit$$00000017  c_p.l(libinit2.o)
    0x0800013a   0x00000000   Code   RO          333    .ARM.Collect$$libinit$$00000019  c_p.l(libinit2.o)
    0x0800013a   0x00000000   Code   RO          335    .ARM.Collect$$libinit$$0000001B  c_p.l(libinit2.o)
    0x0800013a   0x00000000   Code   RO          337    .ARM.Collect$$libinit$$0000001D  c_p.l(libinit2.o)
    0x0800013a   0x00000000   Code   RO          339    .ARM.Collect$$libinit$$0000001F  c_p.l(libinit2.o)
    0x0800013a   0x00000000   Code   RO          341    .ARM.Collect$$libinit$$00000021  c_p.l(libinit2.o)
    0x0800013a   0x00000000   Code   RO          343    .ARM.Collect$$libinit$$00000023  c_p.l(libinit2.o)
    0x0800013a   0x00000000   Code   RO          345    .ARM.Collect$$libinit$$00000025  c_p.l(libinit2.o)
    0x0800013a   0x00000000   Code   RO          349    .ARM.Collect$$libinit$$0000002C  c_p.l(libinit2.o)
    0x0800013a   0x00000000   Code   RO          351    .ARM.Collect$$libinit$$0000002E  c_p.l(libinit2.o)
    0x0800013a   0x00000000   Code   RO          353    .ARM.Collect$$libinit$$00000030  c_p.l(libinit2.o)
    0x0800013a   0x00000000   Code   RO          355    .ARM.Collect$$libinit$$00000032  c_p.l(libinit2.o)
    0x0800013a   0x00000002   Code   RO          356    .ARM.Collect$$libinit$$00000033  c_p.l(libinit2.o)
    0x0800013c   0x00000002   Code   RO          387    .ARM.Collect$$libshutdown$$00000000  c_p.l(libshutdown.o)
    0x0800013e   0x00000000   Code   RO          413    .ARM.Collect$$libshutdown$$00000002  c_p.l(libshutdown2.o)
    0x0800013e   0x00000000   Code   RO          415    .ARM.Collect$$libshutdown$$00000004  c_p.l(libshutdown2.o)
    0x0800013e   0x00000000   Code   RO          418    .ARM.Collect$$libshutdown$$00000007  c_p.l(libshutdown2.o)
    0x0800013e   0x00000000   Code   RO          421    .ARM.Collect$$libshutdown$$0000000A  c_p.l(libshutdown2.o)
    0x0800013e   0x00000000   Code   RO          423    .ARM.Collect$$libshutdown$$0000000C  c_p.l(libshutdown2.o)
    0x0800013e   0x00000000   Code   RO          426    .ARM.Collect$$libshutdown$$0000000F  c_p.l(libshutdown2.o)
    0x0800013e   0x00000002   Code   RO          427    .ARM.Collect$$libshutdown$$00000010  c_p.l(libshutdown2.o)
    0x08000140   0x00000000   Code   RO          262    .ARM.Collect$$rtentry$$00000000  c_p.l(__rtentry.o)
    0x08000140   0x00000000   Code   RO          269    .ARM.Collect$$rtentry$$00000002  c_p.l(__rtentry2.o)
    0x08000140   0x00000006   Code   RO          281    .ARM.Collect$$rtentry$$00000004  c_p.l(__rtentry4.o)
    0x08000146   0x00000000   Code   RO          271    .ARM.Collect$$rtentry$$00000009  c_p.l(__rtentry2.o)
    0x08000146   0x00000004   Code   RO          272    .ARM.Collect$$rtentry$$0000000A  c_p.l(__rtentry2.o)
    0x0800014a   0x00000000   Code   RO          274    .ARM.Collect$$rtentry$$0000000C  c_p.l(__rtentry2.o)
    0x0800014a   0x00000008   Code   RO          275    .ARM.Collect$$rtentry$$0000000D  c_p.l(__rtentry2.o)
    0x08000152   0x00000002   Code   RO          304    .ARM.Collect$$rtexit$$00000000  c_p.l(rtexit.o)
    0x08000154   0x00000000   Code   RO          360    .ARM.Collect$$rtexit$$00000002  c_p.l(rtexit2.o)
    0x08000154   0x00000004   Code   RO          361    .ARM.Collect$$rtexit$$00000003  c_p.l(rtexit2.o)
    0x08000158   0x00000006   Code   RO          362    .ARM.Collect$$rtexit$$00000004  c_p.l(rtexit2.o)
    0x0800015e   0x00000002   PAD
    0x08000160   0x00000038   Code   RO          203  * .text               startup_stm32f051x8.o
    0x08000198   0x0000015a   Code   RO          242    .text               c_p.l(aeabi_sdiv.o)
    0x080002f2   0x00000006   Code   RO          246    .text               c_p.l(heapauxi.o)
    0x080002f8   0x0000004c   Code   RO          256    .text               fz_ps.l(ffixi.o)
    0x08000344   0x0000005e   Code   RO          258    .text               fz_ps.l(fflti.o)
    0x080003a2   0x0000003e   Code   RO          285    .text               c_p.l(sys_stackheap_outer.o)
    0x080003e0   0x00000010   Code   RO          288    .text               c_p.l(exit.o)
    0x080003f0   0x00000008   Code   RO          300    .text               c_p.l(libspace.o)
    0x080003f8   0x0000000c   Code   RO          357    .text               c_p.l(sys_exit.o)
    0x08000404   0x00000002   Code   RO          376    .text               c_p.l(use_no_semi.o)
    0x08000406   0x00000000   Code   RO          378    .text               c_p.l(indicate_semi.o)
    0x08000406   0x00000002   PAD
    0x08000408   0x00000034   Code   RO          158    i.EXTI0_1_IRQHandler  exti0_1_irqhandler.o
    0x0800043c   0x0000003c   Code   RO           66    i.GPIO_Set_Direction  gpio.o
    0x08000478   0x0000001a   Code   RO           67    i.GPIO_WriteBit     gpio.o
    0x08000492   0x00000002   PAD
    0x08000494   0x00000014   Code   RO            3    i.NVIC_EnableIRQ    main.o
    0x080004a8   0x00000020   Code   RO          100    i.RCC_AHBPeriphClockCmd  rcc.o
    0x080004c8   0x00000020   Code   RO          101    i.RCC_APB1PeriphClockCmd  rcc.o
    0x080004e8   0x00000074   Code   RO          210    i.SystemInit        system_stm32f0xx.o
    0x0800055c   0x000000a8   Code   RO          179    i.TIM2_IRQHandler   tim2_irqhandler.o
    0x08000604   0x00000018   Code   RO          126    i.TIM_Cmd           timer.o
    0x0800061c   0x00000004   Code   RO          128    i.TIM_SetCounter    timer.o
    0x08000620   0x00000074   Code   RO            4    i.main              main.o
    0x08000694   0x0000008c   Code   RO          250    x$fpl$fadd          fz_ps.l(faddsub.o)
    0x08000720   0x000000b0   Code   RO          260    x$fpl$fmul          fz_ps.l(fmul.o)
    0x080007d0   0x000000d0   Code   RO          252    x$fpl$fsub          fz_ps.l(faddsub.o)
    0x080008a0   0x00000000   Code   RO          267    x$fpl$usenofp       fz_ps.l(usenofp.o)
    0x080008a0   0x00000020   Data   RO          428    Region$$Table       anon$$obj.o


    Execution Region ER_RW (Base: 0x20000000, Size: 0x0000000c, Max: 0xffffffff, ABSOLUTE)

    Base Addr    Size         Type   Attr      Idx    E Section Name        Object

    0x20000000   0x00000009   Data   RW          180    .data               tim2_irqhandler.o


    Execution Region ER_ZI (Base: 0x2000000c, Size: 0x00000664, Max: 0xffffffff, ABSOLUTE)

    Base Addr    Size         Type   Attr      Idx    E Section Name        Object

    0x2000000c   0x00000060   Zero   RW          301    .bss                c_p.l(libspace.o)
    0x2000006c   0x00000004   PAD
    0x20000070   0x00000200   Zero   RW          201    HEAP                startup_stm32f051x8.o
    0x20000270   0x00000400   Zero   RW          200    STACK               startup_stm32f051x8.o


==============================================================================

Image component sizes


      Code (inc. data)   RO Data    RW Data    ZI Data      Debug   Object Name

        52         10          0          0          0        389   exti0_1_irqhandler.o
        86          0          0          0          0       1201   gpio.o
       136         16          0          0          0     129135   main.o
        64          8          0          0          0        865   rcc.o
        56         26        188          0       1536        596   startup_stm32f051x8.o
       116         12          0          0          0        433   system_stm32f0xx.o
       168         22          0          9          0        709   tim2_irqhandler.o
        28          0          0          0          0        987   timer.o

    ----------------------------------------------------------------------
       708         94        220         12       1536     134315   Object Totals
         0          0         32          0          0          0   (incl. Generated)
         2          0          0          3          0          0   (incl. Padding)

    ----------------------------------------------------------------------

      Code (inc. data)   RO Data    RW Data    ZI Data      Debug   Library Member Name

         8          0          0          0          0         68   __main.o
         0          0          0          0          0          0   __rtentry.o
        12          0          0          0          0          0   __rtentry2.o
         6          0          0          0          0          0   __rtentry4.o
        60          8          0          0          0          0   __scatter.o
        26          0          0          0          0          0   __scatter_copy.o
        28          0          0          0          0          0   __scatter_zi.o
       346          0          0          0          0         92   aeabi_sdiv.o
        16          0          0          0          0         68   exit.o
         6          0          0          0          0        136   heapauxi.o
         0          0          0          0          0          0   indicate_semi.o
         2          0          0          0          0          0   libinit.o
         2          0          0          0          0          0   libinit2.o
         2          0          0          0          0          0   libshutdown.o
         2          0          0          0          0          0   libshutdown2.o
         8          4          0          0         96         68   libspace.o
         2          0          0          0          0          0   rtexit.o
        10          0          0          0          0          0   rtexit2.o
        12          4          0          0          0         60   sys_exit.o
        62          0          0          0          0         80   sys_stackheap_outer.o
         2          0          0          0          0         68   use_no_semi.o
       348          8          0          0          0        160   faddsub.o
        76          0          0          0          0         68   ffixi.o
        94          0          0          0          0         92   fflti.o
       176          4          0          0          0         80   fmul.o
         0          0          0          0          0          0   usenofp.o

    ----------------------------------------------------------------------
      1312         28          0          0        100       1040   Library Totals
         6          0          0          0          4          0   (incl. Padding)

    ----------------------------------------------------------------------

      Code (inc. data)   RO Data    RW Data    ZI Data      Debug   Library Name

       612         16          0          0         96        640   c_p.l
       694         12          0          0          0        400   fz_ps.l

    ----------------------------------------------------------------------
      1312         28          0          0        100       1040   Library Totals

    ----------------------------------------------------------------------

==============================================================================


      Code (inc. data)   RO Data    RW Data    ZI Data      Debug   

      2020        122        220         12       1636     134527   Grand Totals
      2020        122        220         12       1636     134527   ELF Image Totals
      2020        122        220         12          0          0   ROM Totals

==============================================================================

    Total RO  Size (Code + RO Data)                 2240 (   2.19kB)
    Total RW  Size (RW Data + ZI Data)              1648 (   1.61kB)
    Total ROM Size (Code + RO Data + RW Data)       2252 (   2.20kB)

==============================================================================

